// Jest Snapshot v1, https://goo.gl/fbAQLP

exports[`HomePage renders correctly 1`] = `
.c20 {
  display: inline-block;
  -webkit-flex: 0 0 auto;
  -ms-flex: 0 0 auto;
  flex: 0 0 auto;
  width: 48px;
  height: 48px;
  fill: #F8F8F8;
  stroke: #F8F8F8;
}

.c20 g {
  fill: inherit;
  stroke: inherit;
}

.c20 *:not([stroke])[fill="none"] {
  stroke-width: 0;
}

.c20 *[stroke*="#"],
.c20 *[STROKE*="#"] {
  stroke: inherit;
  fill: none;
}

.c20 *[fill-rule],
.c20 *[FILL-RULE],
.c20 *[fill*="#"],
.c20 *[FILL*="#"] {
  fill: inherit;
  stroke: none;
}

.c30 {
  display: inline-block;
  -webkit-flex: 0 0 auto;
  -ms-flex: 0 0 auto;
  flex: 0 0 auto;
  width: 96px;
  height: 96px;
  fill: #F8F8F8;
  stroke: #F8F8F8;
}

.c30 g {
  fill: inherit;
  stroke: inherit;
}

.c30 *:not([stroke])[fill="none"] {
  stroke-width: 0;
}

.c30 *[stroke*="#"],
.c30 *[STROKE*="#"] {
  stroke: inherit;
  fill: none;
}

.c30 *[fill-rule],
.c30 *[FILL-RULE],
.c30 *[fill*="#"],
.c30 *[FILL*="#"] {
  fill: inherit;
  stroke: none;
}

.c1 {
  display: -webkit-box;
  display: -webkit-flex;
  display: -ms-flexbox;
  display: flex;
  box-sizing: border-box;
  outline: none;
  max-width: 100%;
  margin: 0px;
  background: #333333;
  color: #f8f8f8;
  min-width: 0;
  min-height: 0;
  -webkit-flex-direction: row;
  -ms-flex-direction: row;
  flex-direction: row;
  -webkit-box-pack: justify;
  -webkit-justify-content: space-between;
  -ms-flex-pack: justify;
  justify-content: space-between;
  padding-left: 24px;
  padding-right: 24px;
  padding-top: 12px;
  padding-bottom: 12px;
}

.c4 {
  display: -webkit-box;
  display: -webkit-flex;
  display: -ms-flexbox;
  display: flex;
  box-sizing: border-box;
  outline: none;
  max-width: 100%;
  margin: 0px;
  min-width: 0;
  min-height: 0;
  -webkit-flex-direction: column;
  -ms-flex-direction: column;
  flex-direction: column;
  -webkit-flex: 1 1;
  -ms-flex: 1 1;
  flex: 1 1;
  padding: 0px;
}

.c5 {
  display: -webkit-box;
  display: -webkit-flex;
  display: -ms-flexbox;
  display: flex;
  box-sizing: border-box;
  outline: none;
  max-width: 100%;
  margin: 0px;
  background: url(/img/test.jpg) no-repeat center center;
  background-size: cover;
  min-width: 0;
  min-height: 0;
  -webkit-flex-direction: column;
  -ms-flex-direction: column;
  flex-direction: column;
  height: 768px;
  -webkit-box-pack: center;
  -webkit-justify-content: center;
  -ms-flex-pack: center;
  justify-content: center;
  padding: 48px;
}

.c6 {
  display: -webkit-box;
  display: -webkit-flex;
  display: -ms-flexbox;
  display: flex;
  box-sizing: border-box;
  outline: none;
  max-width: 100%;
  margin: 0px;
  min-width: 0;
  min-height: 0;
  -webkit-flex-direction: column;
  -ms-flex-direction: column;
  flex-direction: column;
  width: 768px;
  padding: 0px;
}

.c10 {
  display: -webkit-box;
  display: -webkit-flex;
  display: -ms-flexbox;
  display: flex;
  box-sizing: border-box;
  outline: none;
  max-width: 100%;
  margin: 0px;
  min-width: 0;
  min-height: 0;
  -webkit-flex-direction: row;
  -ms-flex-direction: row;
  flex-direction: row;
  padding: 0px;
}

.c15 {
  display: -webkit-box;
  display: -webkit-flex;
  display: -ms-flexbox;
  display: flex;
  box-sizing: border-box;
  outline: none;
  max-width: 100%;
  -webkit-align-self: center;
  -ms-flex-item-align: center;
  align-self: center;
  margin: 0px;
  -webkit-align-items: center;
  -webkit-box-align: center;
  -ms-flex-align: center;
  align-items: center;
  min-width: 0;
  min-height: 0;
  -webkit-flex-direction: column;
  -ms-flex-direction: column;
  flex-direction: column;
  width: 1536px;
  padding-left: 24px;
  padding-right: 24px;
  padding-top: 96px;
}

.c17 {
  display: -webkit-box;
  display: -webkit-flex;
  display: -ms-flexbox;
  display: flex;
  box-sizing: border-box;
  outline: none;
  max-width: 100%;
  -webkit-align-self: center;
  -ms-flex-item-align: center;
  align-self: center;
  margin: 0px;
  min-width: 0;
  min-height: 0;
  -webkit-flex-direction: row;
  -ms-flex-direction: row;
  flex-direction: row;
  width: 1536px;
  padding-left: 24px;
  padding-right: 24px;
  padding-top: 96px;
  padding-bottom: 96px;
}

.c18 {
  display: -webkit-box;
  display: -webkit-flex;
  display: -ms-flexbox;
  display: flex;
  box-sizing: border-box;
  outline: none;
  margin: 0px;
  -webkit-align-items: center;
  -webkit-box-align: center;
  -ms-flex-align: center;
  align-items: center;
  min-width: 0;
  min-height: 0;
  -webkit-flex-direction: column;
  -ms-flex-direction: column;
  flex-direction: column;
  -webkit-flex-basis: 33.33%;
  -ms-flex-preferred-size: 33.33%;
  flex-basis: 33.33%;
  padding-right: 12px;
}

.c19 {
  display: -webkit-box;
  display: -webkit-flex;
  display: -ms-flexbox;
  display: flex;
  box-sizing: border-box;
  outline: none;
  max-width: 100%;
  margin: 0px;
  background: #7D4CDB;
  color: #f8f8f8;
  min-width: 0;
  min-height: 0;
  -webkit-flex-direction: column;
  -ms-flex-direction: column;
  flex-direction: column;
  padding: 24px;
  border-radius: 100%;
}

.c23 {
  display: -webkit-box;
  display: -webkit-flex;
  display: -ms-flexbox;
  display: flex;
  box-sizing: border-box;
  outline: none;
  margin: 0px;
  -webkit-align-items: center;
  -webkit-box-align: center;
  -ms-flex-align: center;
  align-items: center;
  min-width: 0;
  min-height: 0;
  -webkit-flex-direction: column;
  -ms-flex-direction: column;
  flex-direction: column;
  -webkit-flex-basis: 33.33%;
  -ms-flex-preferred-size: 33.33%;
  flex-basis: 33.33%;
  padding-left: 12px;
  padding-right: 12px;
}

.c24 {
  display: -webkit-box;
  display: -webkit-flex;
  display: -ms-flexbox;
  display: flex;
  box-sizing: border-box;
  outline: none;
  margin: 0px;
  -webkit-align-items: center;
  -webkit-box-align: center;
  -ms-flex-align: center;
  align-items: center;
  min-width: 0;
  min-height: 0;
  -webkit-flex-direction: column;
  -ms-flex-direction: column;
  flex-direction: column;
  -webkit-flex-basis: 33.33%;
  -ms-flex-preferred-size: 33.33%;
  flex-basis: 33.33%;
  padding-left: 12px;
}

.c25 {
  display: -webkit-box;
  display: -webkit-flex;
  display: -ms-flexbox;
  display: flex;
  box-sizing: border-box;
  outline: none;
  max-width: 100%;
  margin: 0px;
  background: #F2F2F2;
  color: #444444;
  min-width: 0;
  min-height: 0;
  -webkit-flex-direction: column;
  -ms-flex-direction: column;
  flex-direction: column;
  padding: 0px;
}

.c26 {
  display: -webkit-box;
  display: -webkit-flex;
  display: -ms-flexbox;
  display: flex;
  box-sizing: border-box;
  outline: none;
  max-width: 100%;
  -webkit-align-self: center;
  -ms-flex-item-align: center;
  align-self: center;
  margin: 0px;
  -webkit-align-items: center;
  -webkit-box-align: center;
  -ms-flex-align: center;
  align-items: center;
  min-width: 0;
  min-height: 0;
  -webkit-flex-direction: column;
  -ms-flex-direction: column;
  flex-direction: column;
  width: 1536px;
  padding-left: 24px;
  padding-right: 24px;
  padding-top: 96px;
  padding-bottom: 96px;
}

.c27 {
  display: -webkit-box;
  display: -webkit-flex;
  display: -ms-flexbox;
  display: flex;
  box-sizing: border-box;
  outline: none;
  max-width: 100%;
  -webkit-align-self: center;
  -ms-flex-item-align: center;
  align-self: center;
  margin: 0px;
  min-width: 0;
  min-height: 0;
  -webkit-flex-direction: row;
  -ms-flex-direction: row;
  flex-direction: row;
  width: 1536px;
  padding-left: 24px;
  padding-right: 24px;
  padding-bottom: 96px;
}

.c28 {
  display: -webkit-box;
  display: -webkit-flex;
  display: -ms-flexbox;
  display: flex;
  box-sizing: border-box;
  outline: none;
  margin: 0px;
  -webkit-align-items: center;
  -webkit-box-align: center;
  -ms-flex-align: center;
  align-items: center;
  background: url(/img/video-thumb-01.jpg) #333 no-repeat center center;
  background-size: cover;
  border: solid 2px #7D4CDB;
  min-width: 0;
  min-height: 0;
  -webkit-flex-direction: column;
  -ms-flex-direction: column;
  flex-direction: column;
  height: 384px;
  -webkit-flex-basis: 50%;
  -ms-flex-preferred-size: 50%;
  flex-basis: 50%;
  -webkit-box-pack: center;
  -webkit-justify-content: center;
  -ms-flex-pack: center;
  justify-content: center;
  padding: 0px;
}

.c29 {
  display: -webkit-box;
  display: -webkit-flex;
  display: -ms-flexbox;
  display: flex;
  box-sizing: border-box;
  outline: none;
  max-width: 100%;
  margin: 0px;
  -webkit-align-items: center;
  -webkit-box-align: center;
  -ms-flex-align: center;
  align-items: center;
  min-width: 0;
  min-height: 0;
  -webkit-flex-direction: column;
  -ms-flex-direction: column;
  flex-direction: column;
  -webkit-flex: 1 1;
  -ms-flex: 1 1;
  flex: 1 1;
  -webkit-box-pack: center;
  -webkit-justify-content: center;
  -ms-flex-pack: center;
  justify-content: center;
  padding: 0px;
}

.c31 {
  display: -webkit-box;
  display: -webkit-flex;
  display: -ms-flexbox;
  display: flex;
  box-sizing: border-box;
  outline: none;
  max-width: 100%;
  margin: 0px;
  background: rgba(0,0,0,0.4);
  color: #f8f8f8;
  min-width: 0;
  min-height: 0;
  -webkit-flex-direction: column;
  -ms-flex-direction: column;
  flex-direction: column;
  width: 100%;
  padding: 12px;
}

.c34 {
  display: -webkit-box;
  display: -webkit-flex;
  display: -ms-flexbox;
  display: flex;
  box-sizing: border-box;
  outline: none;
  margin: 0px;
  -webkit-align-items: center;
  -webkit-box-align: center;
  -ms-flex-align: center;
  align-items: center;
  background: url(/img/video-thumb-02.jpg) #333 no-repeat center center;
  background-size: cover;
  border: solid 2px #7D4CDB;
  min-width: 0;
  min-height: 0;
  -webkit-flex-direction: column;
  -ms-flex-direction: column;
  flex-direction: column;
  height: 384px;
  -webkit-flex-basis: 50%;
  -ms-flex-preferred-size: 50%;
  flex-basis: 50%;
  -webkit-box-pack: center;
  -webkit-justify-content: center;
  -ms-flex-pack: center;
  justify-content: center;
  padding: 0px;
}

.c35 {
  display: -webkit-box;
  display: -webkit-flex;
  display: -ms-flexbox;
  display: flex;
  box-sizing: border-box;
  outline: none;
  max-width: 100%;
  -webkit-align-self: center;
  -ms-flex-item-align: center;
  align-self: center;
  margin: 0px;
  -webkit-align-items: center;
  -webkit-box-align: center;
  -ms-flex-align: center;
  align-items: center;
  min-width: 0;
  min-height: 0;
  -webkit-flex-direction: column;
  -ms-flex-direction: column;
  flex-direction: column;
  width: 1536px;
  padding-left: 24px;
  padding-right: 24px;
}

.c36 {
  display: -webkit-box;
  display: -webkit-flex;
  display: -ms-flexbox;
  display: flex;
  box-sizing: border-box;
  outline: none;
  max-width: 100%;
  margin: 0px;
  -webkit-align-items: center;
  -webkit-box-align: center;
  -ms-flex-align: center;
  align-items: center;
  min-width: 0;
  min-height: 0;
  -webkit-flex-direction: column;
  -ms-flex-direction: column;
  flex-direction: column;
  padding: 96px;
}

.c40 {
  display: -webkit-box;
  display: -webkit-flex;
  display: -ms-flexbox;
  display: flex;
  box-sizing: border-box;
  outline: none;
  max-width: 100%;
  margin: 0px;
  background: #333333;
  color: #f8f8f8;
  min-width: 0;
  min-height: 0;
  -webkit-flex-direction: column;
  -ms-flex-direction: column;
  flex-direction: column;
  padding-top: 24px;
  padding-bottom: 24px;
}

.c41 {
  display: -webkit-box;
  display: -webkit-flex;
  display: -ms-flexbox;
  display: flex;
  box-sizing: border-box;
  outline: none;
  max-width: 100%;
  -webkit-align-self: center;
  -ms-flex-item-align: center;
  align-self: center;
  margin: 0px;
  min-width: 0;
  min-height: 0;
  -webkit-flex-direction: row;
  -ms-flex-direction: row;
  flex-direction: row;
  width: 1536px;
  -webkit-box-pack: center;
  -webkit-justify-content: center;
  -ms-flex-pack: center;
  justify-content: center;
  padding-left: 24px;
  padding-right: 24px;
}

.c3 {
  -webkit-flex: 0 0 auto;
  -ms-flex: 0 0 auto;
  flex: 0 0 auto;
  width: 12px;
}

.c8 {
  -webkit-flex: 0 0 auto;
  -ms-flex: 0 0 auto;
  flex: 0 0 auto;
  height: 24px;
}

.c33 {
  -webkit-flex: 0 0 auto;
  -ms-flex: 0 0 auto;
  flex: 0 0 auto;
  width: 12px;
}

.c11 {
  display: inline-block;
  box-sizing: border-box;
  cursor: pointer;
  outline: none;
  font: inherit;
  -webkit-text-decoration: none;
  text-decoration: none;
  margin: 0;
  background: transparent;
  overflow: visible;
  text-transform: none;
  border: 2px solid #7D4CDB;
  border-radius: 18px;
  color: #444444;
  padding: 4px 22px;
  font-size: 18px;
  line-height: 24px;
  background: #7D4CDB;
  color: #f8f8f8;
  border-radius: 18px;
  -webkit-transition-property: color, background-color, border-color, box-shadow;
  transition-property: color, background-color, border-color, box-shadow;
  -webkit-transition-duration: 0.1s;
  transition-duration: 0.1s;
  -webkit-transition-timing-function: ease-in-out;
  transition-timing-function: ease-in-out;
  font-weight: bold;
}

.c11:hover {
  box-shadow: 0px 0px 0px 2px #7D4CDB;
}

.c13 {
  display: inline-block;
  box-sizing: border-box;
  cursor: pointer;
  outline: none;
  font: inherit;
  -webkit-text-decoration: none;
  text-decoration: none;
  margin: 0;
  background: transparent;
  overflow: visible;
  text-transform: none;
  border: 2px solid #7D4CDB;
  border-radius: 18px;
  color: #444444;
  padding: 4px 22px;
  font-size: 18px;
  line-height: 24px;
  -webkit-transition-property: color, background-color, border-color, box-shadow;
  transition-property: color, background-color, border-color, box-shadow;
  -webkit-transition-duration: 0.1s;
  transition-duration: 0.1s;
  -webkit-transition-timing-function: ease-in-out;
  transition-timing-function: ease-in-out;
  font-weight: bold;
}

.c13:hover {
  box-shadow: 0px 0px 0px 2px #7D4CDB;
}

.c39 {
  display: inline-block;
  box-sizing: border-box;
  cursor: pointer;
  outline: none;
  font: inherit;
  -webkit-text-decoration: none;
  text-decoration: none;
  margin: 0;
  background: transparent;
  overflow: visible;
  text-transform: none;
  margin: 24px;
  border: 2px solid #7D4CDB;
  border-radius: 18px;
  color: #444444;
  padding: 4px 22px;
  font-size: 18px;
  line-height: 24px;
  -webkit-transition-property: color, background-color, border-color, box-shadow;
  transition-property: color, background-color, border-color, box-shadow;
  -webkit-transition-duration: 0.1s;
  transition-duration: 0.1s;
  -webkit-transition-timing-function: ease-in-out;
  transition-timing-function: ease-in-out;
  font-weight: bold;
}

.c39:hover {
  box-shadow: 0px 0px 0px 2px #7D4CDB;
}

.c7 {
  margin: 0px;
  font-size: 82px;
  line-height: 88px;
  max-width: 1968px;
  font-weight: 600;
  color: #FFFFFF;
  font-weight: 100;
}

.c16 {
  margin: 0px;
  font-size: 82px;
  line-height: 88px;
  max-width: 1968px;
  font-weight: 600;
  font-weight: 100;
}

.c21 {
  margin: 0px;
  font-size: 50px;
  line-height: 56px;
  max-width: 1200px;
  font-weight: 600;
  text-align: center;
  font-weight: 100;
}

.c37 {
  margin: 0px;
  font-size: 82px;
  line-height: 88px;
  max-width: 1968px;
  font-weight: 600;
  text-align: center;
  font-weight: 100;
}

.c43 {
  box-sizing: border-box;
  font-size: inherit;
  line-height: inherit;
  color: #6FFFB0;
  font-weight: 600;
  -webkit-text-decoration: none;
  text-decoration: none;
  cursor: pointer;
  outline: none;
}

.c43:hover {
  -webkit-text-decoration: underline;
  text-decoration: underline;
}

.c2 {
  font-size: 18px;
  line-height: 24px;
  color: #6FFFB0;
  font-weight: bold;
}

.c9 {
  font-size: 18px;
  line-height: 24px;
  color: #FFFFFF;
}

.c12 {
  font-size: 18px;
  line-height: 24px;
  font-weight: bold;
}

.c14 {
  font-size: 18px;
  line-height: 24px;
  color: #F8F8F8;
  font-weight: bold;
}

.c22 {
  font-size: 18px;
  line-height: 24px;
  text-align: center;
}

.c32 {
  font-size: 22px;
  line-height: 28px;
  text-align: center;
  color: #F8F8F8;
  font-weight: 300;
}

.c38 {
  font-size: 26px;
  line-height: 32px;
  text-align: center;
  font-weight: 100;
}

.c42 {
  font-size: 18px;
  line-height: 24px;
}

.c0 {
  font-family: -apple-system,BlinkMacSystemFont,"Segoe UI",Roboto,Oxygen,Ubuntu,Cantarell,"Fira Sans","Droid Sans","Helvetica Neue",Arial,sans-serif,"Apple Color Emoji","Segoe UI Emoji","Segoe UI Symbol";
  font-size: 18px;
  line-height: 24px;
  background: #ffffff;
  color: #444444;
  box-sizing: border-box;
  -webkit-text-size-adjust: 100%;
  -ms-text-size-adjust: 100%;
  -moz-osx-font-smoothing: grayscale;
  -webkit-font-smoothing: antialiased;
  width: 100vw;
  height: 100vh;
  overflow: auto;
}

@media only screen and (max-width:768px) {
  .c1 {
    margin: 0px;
  }
}

@media only screen and (max-width:768px) {
  .c1 {
    padding-left: 12px;
    padding-right: 12px;
  }
}

@media only screen and (max-width:768px) {
  .c1 {
    padding-top: 6px;
    padding-bottom: 6px;
  }
}

@media only screen and (max-width:768px) {
  .c4 {
    margin: 0px;
  }
}

@media only screen and (max-width:768px) {
  .c4 {
    padding: 0px;
  }
}

@media only screen and (max-width:768px) {
  .c5 {
    margin: 0px;
  }
}

@media only screen and (max-width:768px) {
  .c5 {
    padding: 24px;
  }
}

@media only screen and (max-width:768px) {
  .c6 {
    margin: 0px;
  }
}

@media only screen and (max-width:768px) {
  .c6 {
    padding: 0px;
  }
}

@media only screen and (max-width:768px) {
  .c10 {
    margin: 0px;
  }
}

@media only screen and (max-width:768px) {
  .c10 {
    padding: 0px;
  }
}

@media only screen and (max-width:768px) {
  .c15 {
    margin: 0px;
  }
}

@media only screen and (max-width:768px) {
  .c15 {
    padding-left: 12px;
    padding-right: 12px;
  }
}

@media only screen and (max-width:768px) {
  .c15 {
    padding-top: 48px;
  }
}

@media only screen and (max-width:768px) {
  .c17 {
    margin: 0px;
  }
}

@media only screen and (max-width:768px) {
  .c17 {
    -webkit-flex-direction: column;
    -ms-flex-direction: column;
    flex-direction: column;
    -webkit-flex-basis: auto;
    -ms-flex-preferred-size: auto;
    flex-basis: auto;
    -webkit-box-pack: start;
    -webkit-justify-content: flex-start;
    -ms-flex-pack: start;
    justify-content: flex-start;
    -webkit-align-items: stretch;
    -webkit-box-align: stretch;
    -ms-flex-align: stretch;
    align-items: stretch;
  }
}

@media only screen and (max-width:768px) {
  .c17 {
    padding-left: 12px;
    padding-right: 12px;
  }
}

@media only screen and (max-width:768px) {
  .c17 {
    padding-top: 48px;
    padding-bottom: 48px;
  }
}

@media only screen and (max-width:768px) {
  .c18 {
    margin: 0px;
  }
}

@media only screen and (max-width:768px) {
  .c18 {
    padding-right: 6px;
  }
}

@media only screen and (max-width:768px) {
  .c19 {
    margin: 0px;
  }
}

@media only screen and (max-width:768px) {
  .c19 {
    padding: 12px;
  }
}

@media only screen and (max-width:768px) {
  .c23 {
    margin: 0px;
  }
}

@media only screen and (max-width:768px) {
  .c23 {
    padding-left: 6px;
    padding-right: 6px;
  }
}

@media only screen and (max-width:768px) {
  .c24 {
    margin: 0px;
  }
}

@media only screen and (max-width:768px) {
  .c24 {
    padding-left: 6px;
  }
}

@media only screen and (max-width:768px) {
  .c25 {
    margin: 0px;
  }
}

@media only screen and (max-width:768px) {
  .c25 {
    padding: 0px;
  }
}

@media only screen and (max-width:768px) {
  .c26 {
    margin: 0px;
  }
}

@media only screen and (max-width:768px) {
  .c26 {
    padding-left: 12px;
    padding-right: 12px;
  }
}

@media only screen and (max-width:768px) {
  .c26 {
    padding-top: 48px;
    padding-bottom: 48px;
  }
}

@media only screen and (max-width:768px) {
  .c27 {
    margin: 0px;
  }
}

@media only screen and (max-width:768px) {
  .c27 {
    -webkit-flex-direction: column;
    -ms-flex-direction: column;
    flex-direction: column;
    -webkit-flex-basis: auto;
    -ms-flex-preferred-size: auto;
    flex-basis: auto;
    -webkit-box-pack: start;
    -webkit-justify-content: flex-start;
    -ms-flex-pack: start;
    justify-content: flex-start;
    -webkit-align-items: stretch;
    -webkit-box-align: stretch;
    -ms-flex-align: stretch;
    align-items: stretch;
  }
}

@media only screen and (max-width:768px) {
  .c27 {
    padding-left: 12px;
    padding-right: 12px;
  }
}

@media only screen and (max-width:768px) {
  .c27 {
    padding-bottom: 48px;
  }
}

@media only screen and (max-width:768px) {
  .c28 {
    margin: 0px;
  }
}

@media only screen and (max-width:768px) {
  .c28 {
    border: solid 2px #7D4CDB;
  }
}

@media only screen and (max-width:768px) {
  .c28 {
    padding: 0px;
  }
}

@media only screen and (max-width:768px) {
  .c29 {
    margin: 0px;
  }
}

@media only screen and (max-width:768px) {
  .c29 {
    padding: 0px;
  }
}

@media only screen and (max-width:768px) {
  .c31 {
    margin: 0px;
  }
}

@media only screen and (max-width:768px) {
  .c31 {
    padding: 6px;
  }
}

@media only screen and (max-width:768px) {
  .c34 {
    margin: 0px;
  }
}

@media only screen and (max-width:768px) {
  .c34 {
    border: solid 2px #7D4CDB;
  }
}

@media only screen and (max-width:768px) {
  .c34 {
    padding: 0px;
  }
}

@media only screen and (max-width:768px) {
  .c35 {
    margin: 0px;
  }
}

@media only screen and (max-width:768px) {
  .c35 {
    padding-left: 12px;
    padding-right: 12px;
  }
}

@media only screen and (max-width:768px) {
  .c36 {
    margin: 0px;
  }
}

@media only screen and (max-width:768px) {
  .c36 {
    padding: 48px;
  }
}

@media only screen and (max-width:768px) {
  .c40 {
    margin: 0px;
  }
}

@media only screen and (max-width:768px) {
  .c40 {
    padding-top: 12px;
    padding-bottom: 12px;
  }
}

@media only screen and (max-width:768px) {
  .c41 {
    margin: 0px;
  }
}

@media only screen and (max-width:768px) {
  .c41 {
    padding-left: 12px;
    padding-right: 12px;
  }
}

@media only screen and (max-width:768px) {
  .c8 {
    height: 12px;
  }
}

@media only screen and (max-width:768px) {
  .c33 {
    width: auto;
    height: 6px;
  }
}

@media only screen and (max-width:768px) {
  .c7 {
    margin: 0px;
  }
}

@media only screen and (max-width:768px) {
  .c7 {
    font-size: 50px;
    line-height: 56px;
    max-width: 1200px;
  }
}

@media only screen and (max-width:768px) {
  .c16 {
    margin: 0px;
  }
}

@media only screen and (max-width:768px) {
  .c16 {
    font-size: 50px;
    line-height: 56px;
    max-width: 1200px;
  }
}

@media only screen and (max-width:768px) {
  .c21 {
    margin: 0px;
  }
}

@media only screen and (max-width:768px) {
  .c21 {
    font-size: 34px;
    line-height: 40px;
    max-width: 816px;
  }
}

@media only screen and (max-width:768px) {
  .c37 {
    margin: 0px;
  }
}

@media only screen and (max-width:768px) {
  .c37 {
    font-size: 50px;
    line-height: 56px;
    max-width: 1200px;
  }
}

<div
  className="c0"
  style={
    Object {
      "display": "flex",
      "flexDirection": "column",
      "height": "auto",
      "maxWidth": "100%",
      "minHeight": "100vh",
    }
  }
>
  <div
    className="c1"
  >
    <a
      href="/"
    >
      <span
        className="c2"
      >
        My site
      </span>
    </a>
    <div
      className="c3"
    />
    <a
      href="/blog"
    >
      <span
        className="c2"
      >
        Blog
      </span>
    </a>
  </div>
  <main
    className="c4"
  >
    <div
      className="c5"
    >
      <div
        className="c6"
      >
        <h1
          className="c7"
          size="large"
        >
          Our Coolest Product
        </h1>
        <div
          className="c8"
        />
        <span
          className="c9"
        >
          Lorem ipsum dolor sit amet, consectetur adipiscing elit. Morbi viverra sodales urna, eget finibus orci rutrum non. Vivamus blandit, erat vel condimentum dapibus.
        </span>
        <div
          className="c8"
        />
        <div
          className="c10"
        >
          <button
            className="c11"
            onBlur={[Function]}
            onFocus={[Function]}
            onMouseOut={[Function]}
            onMouseOver={[Function]}
            type="button"
          >
            <span
              className="c12"
            >
              Learn more
            </span>
          </button>
          <div
            className="c3"
          />
          <button
            className="c13"
            onBlur={[Function]}
            onClick={[Function]}
            onFocus={[Function]}
            onMouseOut={[Function]}
            onMouseOver={[Function]}
            type="button"
          >
            <span
              className="c14"
            >
              Login
            </span>
          </button>
        </div>
      </div>
    </div>
    <div
      className="c15"
    >
      <h1
        className="c16"
        size="large"
      >
        An Amazing Cloud Experience
      </h1>
    </div>
    <div
      className="c17"
    >
      <div
        className="c18"
      >
        <div
          className="c19"
        >
          <svg
            aria-label="CloudUpload"
            className="c20"
            viewBox="0 0 24 24"
          >
            <path
              d="M6,17 C3.23857625,17 1,14.7614237 1,12 C1,9.23857625 3.23857625,7 6,7 L12,7 M6,7 L6,6 C6,3 8,2 11,2 L13,2 C16,2 18,3 18,6 L18,7 C20.7614237,7 23,9.23857625 23,12 C23,14.7614237 20.7614237,17 18,17 M12,13 L12,22 M8,16.0000004 L11.9653427,11.9653429 L16,16.0000002"
              fill="none"
              stroke="#000"
              strokeWidth="2"
            />
          </svg>
        </div>
        <div
          className="c8"
        />
        <h1
          className="c21"
        >
          Persistance
        </h1>
        <div
          className="c8"
        />
        <span
          className="c22"
        >
          Activated charcoal chambray, hoodie mlkshk glossier church-key green juice air plant letterpress shaman banjo keytar kinfolk.
        </span>
      </div>
      <div
        className="c23"
      >
        <div
          className="c19"
        >
          <svg
            aria-label="ServerCluster"
            className="c20"
            viewBox="0 0 24 24"
          >
            <path
              d="M1,8 L23,8 L23,1 L1,1 L1,8 Z M11,5 L12,5 L12,4 L11,4 L11,5 Z M19,5 L20,5 L20,4 L19,4 L19,5 Z M15,5 L16,5 L16,4 L15,4 L15,5 Z M11,12 L12,12 L12,11 L11,11 L11,12 Z M19,12 L20,12 L20,11 L19,11 L19,12 Z M15,12 L16,12 L16,11 L15,11 L15,12 Z M11,19 L12,19 L12,18 L11,18 L11,19 Z M19,19 L20,19 L20,18 L19,18 L19,19 Z M15,19 L16,19 L16,18 L15,18 L15,19 Z M1,15 L23,15 L23,8 L1,8 L1,15 Z M1,22 L23,22 L23,15 L1,15 L1,22 Z M21,23 L3,23"
              fill="none"
              stroke="#000"
              strokeWidth="2"
            />
          </svg>
        </div>
        <div
          className="c8"
        />
        <h1
          className="c21"
        >
          Reliability
        </h1>
        <div
          className="c8"
        />
        <span
          className="c22"
        >
          Flannel austin ethical, fanny pack ugh photo booth marfa dreamcatcher direct trade lyft.
        </span>
      </div>
      <div
        className="c24"
      >
        <div
          className="c19"
        >
          <svg
            aria-label="Services"
            className="c20"
            viewBox="0 0 24 24"
          >
            <path
              d="M6,9 C7.65685425,9 9,7.65685425 9,6 C9,4.34314575 7.65685425,3 6,3 C4.34314575,3 3,4.34314575 3,6 C3,7.65685425 4.34314575,9 6,9 Z M6,3 L6,0 M6,12 L6,9 M0,6 L3,6 M9,6 L12,6 M2,2 L4,4 M8,8 L10,10 M10,2 L8,4 M4,8 L2,10 M18,12 C19.6568542,12 21,10.6568542 21,9 C21,7.34314575 19.6568542,6 18,6 C16.3431458,6 15,7.34314575 15,9 C15,10.6568542 16.3431458,12 18,12 Z M18,6 L18,3 M18,15 L18,12 M12,9 L15,9 M21,9 L24,9 M14,5 L16,7 M20,11 L22,13 M22,5 L20,7 M16,11 L14,13 M9,21 C10.6568542,21 12,19.6568542 12,18 C12,16.3431458 10.6568542,15 9,15 C7.34314575,15 6,16.3431458 6,18 C6,19.6568542 7.34314575,21 9,21 Z M9,15 L9,12 M9,24 L9,21 M3,18 L6,18 M12,18 L15,18 M5,14 L7,16 M11,20 L13,22 M13,14 L11,16 M7,20 L5,22"
              fill="none"
              stroke="#000"
              strokeWidth="2"
            />
          </svg>
        </div>
        <div
          className="c8"
        />
        <h1
          className="c21"
        >
          Cloud Backup
        </h1>
        <div
          className="c8"
        />
        <span
          className="c22"
        >
          Biodiesel hashtag palo santo unicorn synth vinyl af raw denim kitsch ugh shoreditch quinoa la croix bespoke.
        </span>
      </div>
    </div>
    <div
      className="c25"
    >
      <div
        className="c26"
      >
        <h1
          className="c16"
          size="large"
        >
          Learn More with Videos
        </h1>
      </div>
      <div
        className="c27"
      >
        <div
          className="c28"
        >
          <div
            className="c29"
          >
            <svg
              aria-label="CirclePlay"
              className="c30"
              viewBox="0 0 24 24"
            >
              <path
                d="M12,22 C17.5228475,22 22,17.5228475 22,12 C22,6.4771525 17.5228475,2 12,2 C6.4771525,2 2,6.4771525 2,12 C2,17.5228475 6.4771525,22 12,22 Z M9.5,15.5 L15.5,12 L9.5,8.5 L9.5,15.5 Z M10.5,13.5 L12.5,12 L10.5,10.5 L10.5,13.5 Z"
                fill="none"
                stroke="#000"
                strokeWidth="2"
              />
            </svg>
          </div>
          <div
            className="c31"
          >
            <span
              className="c32"
              size="large"
            >
              Learn About Things
            </span>
          </div>
        </div>
        <div
          className="c33"
        />
        <div
          className="c34"
        >
          <div
            className="c29"
          >
            <svg
              aria-label="CirclePlay"
              className="c30"
              viewBox="0 0 24 24"
            >
              <path
                d="M12,22 C17.5228475,22 22,17.5228475 22,12 C22,6.4771525 17.5228475,2 12,2 C6.4771525,2 2,6.4771525 2,12 C2,17.5228475 6.4771525,22 12,22 Z M9.5,15.5 L15.5,12 L9.5,8.5 L9.5,15.5 Z M10.5,13.5 L12.5,12 L10.5,10.5 L10.5,13.5 Z"
                fill="none"
                stroke="#000"
                strokeWidth="2"
              />
            </svg>
          </div>
          <div
            className="c31"
          >
            <span
              className="c32"
              size="large"
            >
              Learn About Things 2
            </span>
          </div>
        </div>
      </div>
    </div>
    <div
      className="c35"
    >
      <div
        className="c36"
      >
        <h1
          className="c37"
          size="large"
        >
          Get Started Today
        </h1>
        <span
          className="c38"
          size="xlarge"
        >
          Photo booth marvel dreamcatcher direct trade lyft.
        </span>
        <div
          className="c10"
        >
          <button
            className="c39"
            onBlur={[Function]}
            onFocus={[Function]}
            onMouseOut={[Function]}
            onMouseOver={[Function]}
            type="button"
          >
            Sign Up
          </button>
        </div>
      </div>
    </div>
  </main>
  <footer
    className="c40"
  >
    <div
      className="c41"
    >
      <span
        className="c42"
      >
        © 
        2019
        , Built with
         
        <a
          className="c43"
          href="https://grommet.io"
          onBlur={[Function]}
          onFocus={[Function]}
        >
          <span
            aria-label="love"
            role="img"
          >
            💜
          </span>
        </a>
      </span>
    </div>
  </footer>
</div>
`;
